// Jest Snapshot v1, https://goo.gl/fbAQLP

exports[`EvernoteNoteBuilder builds the xml document 1`] = `
"<?xml version=\\"1.0\\" encoding=\\"UTF-8\\"?>
<!DOCTYPE en-note SYSTEM \\"http://xml.evernote.com/pub/enml2.dtd\\">
<en-note>
  <div style=\\"--en-clipped-content:bookmark\\">
    <div style=\\"font-size: 16px; display:block; min-width: 100%; \\">
      <div>
        <div style=\\"display:block;height:100%;\\">
          <div style=\\"font-size:14px;line-height:20px;font-weight:bold;padding-bottom:10px;text-overflow:ellipsis;overflow:hidden;white-space:nowrap;\\">Example Bookmark</div>
          <div style=\\"display:flex;flex-flow:row nowrap;place-content:stretch flex-start;align-items:flex-start;padding-top:15px;border-top:1px solid rgb(211, 214, 216);height:100%;\\">
            <!--<en-media type=\\"image/png\\" hash=\\"ff26897593310722d6f07e6fcba357ef\\" width=\\"146\\" height=\\"125\\" style=\\"max-width:180px;vertical-align:top;display:inline-block;\\"></en-media>-->
            <div style=\\"margin-left:15px;flex:1 1 auto;display:block;text-overflow:ellipsis;overflow:hidden;white-space:nowrap;height:100%;\\">
              <div style=\\"display:block;text-overflow:ellipsis;overflow:hidden;white-space:nowrap;margin-bottom:15px;\\">
                <!--<en-media type=\\"image/png\\" hash=\\"346e09471362f2907510a31812129cd2\\" width=\\"16\\" height=\\"16\\" style=\\"vertical-align:top;display:inline-block;max-width:16px;\\"></en-media>-->
                <a href=\\"https://example.com\\" target=\\"_blank\\" style=\\"margin-left:10px;\\">https://example.com</a>
              </div>
              <div style=\\"white-space:normal;font-size:12px;overflow:hidden;height:200px;line-height:150%;\\">Example Bookmark</div>
            </div>
          </div>
        </div>
      </div>
    </div>
  </div>
</en-note>"
`;
